
> playwright-test@1.0.0 test:02
> playwright test tests/casos-prueba/02-registrar-sancion.spec.ts --headed


Running 1 test using 1 worker

[1A[2K[1/1] [chromium] ÔÇ║ tests\casos-prueba\02-registrar-sancion.spec.ts:27:5 ÔÇ║ 02-REGISTRAR SANCI├ôN: Con datos din├ímicos y administrado aleatorio
[1A[2K[chromium] ÔÇ║ tests\casos-prueba\02-registrar-sancion.spec.ts:27:5 ÔÇ║ 02-REGISTRAR SANCI├ôN: Con datos din├ímicos y administrado aleatorio

================================================================================

[1A[2K­ƒô▒ CASO 02: REGISTRAR SANCI├ôN

[1A[2K================================================================================


[1A[2K­ƒôï PASO 1: Login y Navegaci├│n...

[1A[2K­ƒöÉ INICIALIZANDO SESI├ôN Y NAVEGACI├ôN...

[1A[2KÔ£à Sesi├│n iniciada

[1A[2KÔ£à M├│dulo Infractor y Sanci├│n cargado

[1A[2KÔ£à Login exitoso


[1A[2K­ƒôï PASO 2: Abriendo formulario de Registrar Sanci├│n...

[1A[2KÔ×ò Abriendo formulario registrar sanci├│n...

npm : [1A[2KÔÜá´©Å Intento 1 fall├│, intentando alternativa...
En línea: 1 Carácter: 1
+ npm run test:02 2>&1 | tee test-output.log
+ ~~~~~~~~~~~~~~~~~~~~
    + CategoryInfo          : NotSpecified: ([1A[2KÔÜá´©Å ... alternativa...:String) [], RemoteException
    + FullyQualifiedErrorId : NativeCommandError
 

[1A[2KÔ£à Formulario abierto (alternativa)

[1A[2KÔ£à Formulario abierto


[1A[2KÔÅ│ PASO 3: Esperando que el formulario se estabilice (5 segundos)...

[1A[2KÔ£à Formulario estabilizado


[1A[2K­ƒôï PASO 4: Seleccionando administrado...

[1A[2K   Buscando campo de Administrado (PrimeNG p-dropdown)...


[1A[2K­ƒöì Buscando con selectores PrimeNG:


[1A[2K   Ô£à ENCONTRADO: "p-dropdown[formcontrolname="idEntidad"]"


[1A[2K   ÔØî FALLO: No se pudo abrir el dropdown

[1A[2K  1) [chromium] ÔÇ║ tests\casos-prueba\02-registrar-sancion.spec.ts:27:5 ÔÇ║ 02-REGISTRAR SANCI├ôN: Con datos din├ímicos y administrado aleatorio 

    [31mTest timeout of 30000ms exceeded.[39m

    Error: No se pudo abrir el dropdown de Administrado

      93 |   } catch (e) {
      94 |     console.error('   ÔØî FALLO: No se pudo abrir el dropdown');
    > 95 |     throw new Error('No se pudo abrir el dropdown de Administrado');
         |           ^
      96 |   }
      97 |
      98 |   // Seleccionar administrado
        at D:\SUNEDU\SELENIUM\playwrigth\tests\casos-prueba\02-registrar-sancion.spec.ts:95:11

    attachment #1: screenshot (image/png) ÔöÇÔöÇÔöÇÔöÇÔöÇÔöÇÔöÇÔöÇÔöÇÔöÇÔöÇÔöÇÔöÇÔöÇÔöÇÔöÇÔöÇÔöÇÔöÇÔöÇÔöÇÔöÇÔöÇÔöÇÔöÇÔöÇÔöÇÔöÇÔöÇÔöÇÔöÇÔöÇÔöÇÔöÇÔöÇÔöÇÔöÇÔöÇÔöÇÔöÇÔöÇÔöÇÔöÇÔöÇÔöÇÔöÇÔöÇÔöÇÔöÇÔöÇÔöÇÔöÇÔöÇÔöÇÔöÇÔöÇÔöÇÔöÇ
    test-results\casos-prueba-02-registrar--07aa3-os-y-administrado-aleatorio-chromium\test-failed-1.png
    ÔöÇÔöÇÔöÇÔöÇÔöÇÔöÇÔöÇÔöÇÔöÇÔöÇÔöÇÔöÇÔöÇÔöÇÔöÇÔöÇÔöÇÔöÇÔöÇÔöÇÔöÇÔöÇÔöÇÔöÇÔöÇÔöÇÔöÇÔöÇÔöÇÔöÇÔöÇÔöÇÔöÇÔöÇÔöÇÔöÇÔöÇÔöÇÔöÇÔöÇÔöÇÔöÇÔöÇÔöÇÔöÇÔöÇÔöÇÔöÇÔöÇÔöÇÔöÇÔöÇÔöÇÔöÇÔöÇÔöÇÔöÇÔöÇÔöÇÔöÇÔöÇÔöÇÔöÇÔöÇÔöÇÔöÇÔöÇÔöÇÔöÇÔöÇÔöÇÔöÇÔöÇÔöÇÔöÇÔöÇÔöÇÔöÇÔöÇÔöÇÔöÇÔöÇÔöÇÔöÇÔöÇÔöÇÔöÇÔöÇÔöÇÔöÇÔöÇÔöÇÔöÇÔöÇÔöÇÔöÇ

    Error Context: test-results\casos-prueba-02-registrar--07aa3-os-y-administrado-aleatorio-chromium\error-context.md


[1A[2K  1 failed
    [chromium] ÔÇ║ tests\casos-prueba\02-registrar-sancion.spec.ts:27:5 ÔÇ║ 02-REGISTRAR SANCI├ôN: Con datos din├ímicos y administrado aleatorio 

[36m  Serving HTML report at http://localhost:9323. Press Ctrl+C to quit.[39m
